<html>
<body>
<pre>
<h1>µVision Build Log</h1>
<h2>Project:</h2>
C:\Keil\Labware\Lab10_TrafficLight\Lab10.uvproj
Project File Date:  10/28/2020

<h2>Output:</h2>
Build target 'Lab10'
compiling TableTrafficLight.c...
linking...
Program Size: Code=4540 RO-data=14780 RW-data=68 ZI-data=1756  
".\Lab10.axf" - 0 Error(s), 0 Warning(s).
         int x = 0;
TableTrafficLight.c: 1 warning, 0 errors
linking...
Program Size: Code=4544 RO-data=14780 RW-data=68 ZI-data=1756  
".\Lab10.axf" - 0 Error(s), 1 Warning(s).
