<html>
<body>
<pre>
<h1>µVision Build Log</h1>
<h2>Project:</h2>
C:\Keil\Labware\Lab8_SwitchLEDinterface\Lab8.uvproj
Project File Date:  02/11/2014

<h2>Output:</h2>
Build target 'Lab8'
assembling startup.s...
compiling SwitchLEDInterface.c...
linking...
Program Size: Code=4132 RO-data=6628 RW-data=56 ZI-data=1752  
".\Lab8.axf" - 0 Error(s), 0 Warning(s).
Load "C:\\Keil\\Labware\\Lab8_SwitchLEDinterface\\Lab8.axf" 
Connecting: Mode=JTAG, Speed=1000000Hz
Erase Done.
Programming Done.
Verify OK.

SwitchLEDInterface.c: 0 warnings, 2 errors
".\Lab8.axf" - 2 Error(s), 0 Warning(s).
Target not created
